[2022-09-28T18:00:17.027+0200][0.020s] Heap region size: 1M
[2022-09-28T18:00:17.038+0200][0.031s] Using G1
[2022-09-28T18:00:17.038+0200][0.031s] Heap address: 0x00000000e0000000, size: 512 MB, Compressed Oops mode: 32-bit
[2022-09-28T18:00:17.038+0200][0.031s] Mark closed archive regions in map: [0x00000000ffe00000, 0x00000000ffe6aff8]
[2022-09-28T18:00:17.038+0200][0.031s] Mark open archive regions in map: [0x00000000ffc00000, 0x00000000ffc47ff8]
[2022-09-28T18:00:17.380+0200][0,373s] GC(0) Pause Young (Normal) (G1 Evacuation Pause)
[2022-09-28T18:00:17.380+0200][0,373s] GC(0) Using 8 workers of 8 for evacuation
[2022-09-28T18:00:17.406+0200][0,399s] GC(0)   Pre Evacuate Collection Set: 0,0ms
[2022-09-28T18:00:17.406+0200][0,399s] GC(0)   Evacuate Collection Set: 25,0ms
[2022-09-28T18:00:17.406+0200][0,399s] GC(0)   Post Evacuate Collection Set: 0,4ms
[2022-09-28T18:00:17.406+0200][0,399s] GC(0)   Other: 0,3ms
[2022-09-28T18:00:17.406+0200][0,399s] GC(0) Eden regions: 30->0(303)
[2022-09-28T18:00:17.406+0200][0,399s] GC(0) Survivor regions: 0->4(4)
[2022-09-28T18:00:17.406+0200][0,399s] GC(0) Old regions: 2->2
[2022-09-28T18:00:17.406+0200][0,399s] GC(0) Humongous regions: 0->0
[2022-09-28T18:00:17.406+0200][0,399s] GC(0) Metaspace: 7447K->7447K(1056768K)
[2022-09-28T18:00:17.406+0200][0,399s] GC(0) Pause Young (Normal) (G1 Evacuation Pause) 30M->3M(512M) 25,784ms
[2022-09-28T18:00:17.406+0200][0,399s] GC(0) User=0,18s Sys=0,00s Real=0,02s
[2022-09-28T18:00:18.040+0200][1,034s] GC(1) Pause Young (Concurrent Start) (Metadata GC Threshold)
[2022-09-28T18:00:18.040+0200][1,034s] GC(1) Using 8 workers of 8 for evacuation
[2022-09-28T18:00:18.075+0200][1,068s] GC(1)   Pre Evacuate Collection Set: 0,1ms
[2022-09-28T18:00:18.075+0200][1,068s] GC(1)   Evacuate Collection Set: 26,2ms
[2022-09-28T18:00:18.075+0200][1,068s] GC(1)   Post Evacuate Collection Set: 8,3ms
[2022-09-28T18:00:18.075+0200][1,068s] GC(1)   Other: 0,2ms
[2022-09-28T18:00:18.075+0200][1,068s] GC(1) Eden regions: 141->0(135)
[2022-09-28T18:00:18.075+0200][1,068s] GC(1) Survivor regions: 4->18(39)
[2022-09-28T18:00:18.075+0200][1,068s] GC(1) Old regions: 2->2
[2022-09-28T18:00:18.075+0200][1,068s] GC(1) Humongous regions: 4->4
[2022-09-28T18:00:18.075+0200][1,068s] GC(1) Metaspace: 20310K->20310K(1067008K)
[2022-09-28T18:00:18.075+0200][1,068s] GC(1) Pause Young (Concurrent Start) (Metadata GC Threshold) 148M->22M(512M) 34,847ms
[2022-09-28T18:00:18.075+0200][1,068s] GC(1) User=0,14s Sys=0,00s Real=0,03s
[2022-09-28T18:00:18.075+0200][1,068s] GC(2) Concurrent Cycle
[2022-09-28T18:00:18.075+0200][1,068s] GC(2) Concurrent Clear Claimed Marks
[2022-09-28T18:00:18.075+0200][1,069s] GC(2) Concurrent Clear Claimed Marks 0,049ms
[2022-09-28T18:00:18.075+0200][1,069s] GC(2) Concurrent Scan Root Regions
[2022-09-28T18:00:18.079+0200][1,072s] GC(2) Concurrent Scan Root Regions 3,561ms
[2022-09-28T18:00:18.079+0200][1,072s] GC(2) Concurrent Mark (1,072s)
[2022-09-28T18:00:18.079+0200][1,072s] GC(2) Concurrent Mark From Roots
[2022-09-28T18:00:18.079+0200][1,072s] GC(2) Using 2 workers of 2 for marking
[2022-09-28T18:00:18.082+0200][1,076s] GC(2) Concurrent Mark From Roots 3,465ms
[2022-09-28T18:00:18.082+0200][1,076s] GC(2) Concurrent Preclean
[2022-09-28T18:00:18.082+0200][1,076s] GC(2) Concurrent Preclean 0,041ms
[2022-09-28T18:00:18.082+0200][1,076s] GC(2) Concurrent Mark (1,072s, 1,076s) 3,556ms
[2022-09-28T18:00:18.083+0200][1,076s] GC(2) Pause Remark
[2022-09-28T18:00:18.086+0200][1,080s] GC(2) Cleaned string and symbol table, strings: 9721 processed, 0 removed, symbols: 57062 processed, 34 removed
[2022-09-28T18:00:18.087+0200][1,080s] GC(2) Pause Remark 23M->23M(512M) 3,873ms
[2022-09-28T18:00:18.087+0200][1,080s] GC(2) User=0,02s Sys=0,00s Real=0,00s
[2022-09-28T18:00:18.087+0200][1,080s] GC(2) Concurrent Rebuild Remembered Sets
[2022-09-28T18:00:18.088+0200][1,082s] GC(2) Concurrent Rebuild Remembered Sets 1,899ms
[2022-09-28T18:00:18.089+0200][1,082s] GC(2) Pause Cleanup
[2022-09-28T18:00:18.089+0200][1,082s] GC(2) Pause Cleanup 24M->24M(512M) 0,105ms
[2022-09-28T18:00:18.089+0200][1,082s] GC(2) User=0,00s Sys=0,00s Real=0,00s
[2022-09-28T18:00:18.089+0200][1,082s] GC(2) Concurrent Cleanup for Next Mark
[2022-09-28T18:00:18.089+0200][1,082s] GC(2) Concurrent Cleanup for Next Mark 0,260ms
[2022-09-28T18:00:18.089+0200][1,082s] GC(2) Concurrent Cycle 13,813ms
[2022-09-28T18:00:18.797+0200][1,790s] GC(3) Pause Young (Normal) (G1 Evacuation Pause)
[2022-09-28T18:00:18.797+0200][1,790s] GC(3) Using 8 workers of 8 for evacuation
[2022-09-28T18:00:18.809+0200][1,802s] GC(3)   Pre Evacuate Collection Set: 0,0ms
[2022-09-28T18:00:18.809+0200][1,802s] GC(3)   Evacuate Collection Set: 11,6ms
[2022-09-28T18:00:18.809+0200][1,802s] GC(3)   Post Evacuate Collection Set: 0,4ms
[2022-09-28T18:00:18.809+0200][1,802s] GC(3)   Other: 0,1ms
[2022-09-28T18:00:18.809+0200][1,802s] GC(3) Eden regions: 123->0(171)
[2022-09-28T18:00:18.809+0200][1,802s] GC(3) Survivor regions: 18->7(18)
[2022-09-28T18:00:18.809+0200][1,802s] GC(3) Old regions: 2->20
[2022-09-28T18:00:18.809+0200][1,802s] GC(3) Humongous regions: 4->4
[2022-09-28T18:00:18.809+0200][1,802s] GC(3) Metaspace: 29494K->29494K(1077248K)
[2022-09-28T18:00:18.809+0200][1,802s] GC(3) Pause Young (Normal) (G1 Evacuation Pause) 145M->28M(512M) 12,225ms
[2022-09-28T18:00:18.809+0200][1,803s] GC(3) User=0,08s Sys=0,02s Real=0,01s
[2022-09-28T18:00:19.721+0200][2,715s] GC(4) Pause Young (Concurrent Start) (Metadata GC Threshold)
[2022-09-28T18:00:19.721+0200][2,715s] GC(4) Using 8 workers of 8 for evacuation
[2022-09-28T18:00:19.725+0200][2,718s] GC(4)   Pre Evacuate Collection Set: 0,1ms
[2022-09-28T18:00:19.725+0200][2,718s] GC(4)   Evacuate Collection Set: 3,2ms
[2022-09-28T18:00:19.725+0200][2,718s] GC(4)   Post Evacuate Collection Set: 0,2ms
[2022-09-28T18:00:19.725+0200][2,718s] GC(4)   Other: 0,1ms
[2022-09-28T18:00:19.725+0200][2,718s] GC(4) Eden regions: 91->0(205)
[2022-09-28T18:00:19.725+0200][2,718s] GC(4) Survivor regions: 7->8(23)
[2022-09-28T18:00:19.725+0200][2,718s] GC(4) Old regions: 20->20
[2022-09-28T18:00:19.725+0200][2,718s] GC(4) Humongous regions: 4->4
[2022-09-28T18:00:19.725+0200][2,718s] GC(4) Metaspace: 34726K->34726K(1081344K)
[2022-09-28T18:00:19.725+0200][2,718s] GC(4) Pause Young (Concurrent Start) (Metadata GC Threshold) 119M->29M(512M) 3,723ms
[2022-09-28T18:00:19.725+0200][2,718s] GC(4) User=0,02s Sys=0,00s Real=0,00s
[2022-09-28T18:00:19.725+0200][2,718s] GC(5) Concurrent Cycle
[2022-09-28T18:00:19.725+0200][2,718s] GC(5) Concurrent Clear Claimed Marks
[2022-09-28T18:00:19.725+0200][2,718s] GC(5) Concurrent Clear Claimed Marks 0,027ms
[2022-09-28T18:00:19.725+0200][2,718s] GC(5) Concurrent Scan Root Regions
[2022-09-28T18:00:19.726+0200][2,720s] GC(5) Concurrent Scan Root Regions 1,318ms
[2022-09-28T18:00:19.726+0200][2,720s] GC(5) Concurrent Mark (2,720s)
[2022-09-28T18:00:19.726+0200][2,720s] GC(5) Concurrent Mark From Roots
[2022-09-28T18:00:19.726+0200][2,720s] GC(5) Using 2 workers of 2 for marking
[2022-09-28T18:00:19.739+0200][2,732s] GC(5) Concurrent Mark From Roots 12,695ms
[2022-09-28T18:00:19.739+0200][2,732s] GC(5) Concurrent Preclean
[2022-09-28T18:00:19.739+0200][2,732s] GC(5) Concurrent Preclean 0,059ms
[2022-09-28T18:00:19.739+0200][2,732s] GC(5) Concurrent Mark (2,720s, 2,732s) 12,790ms
[2022-09-28T18:00:19.740+0200][2,733s] GC(5) Pause Remark
[2022-09-28T18:00:19.741+0200][2,734s] GC(5) Cleaned string and symbol table, strings: 15764 processed, 25 removed, symbols: 100382 processed, 44 removed
[2022-09-28T18:00:19.741+0200][2,735s] GC(5) Pause Remark 32M->32M(512M) 1,761ms
[2022-09-28T18:00:19.741+0200][2,735s] GC(5) User=0,01s Sys=0,00s Real=0,00s
[2022-09-28T18:00:19.741+0200][2,735s] GC(5) Concurrent Rebuild Remembered Sets
[2022-09-28T18:00:19.749+0200][2,742s] GC(5) Concurrent Rebuild Remembered Sets 7,627ms
[2022-09-28T18:00:19.749+0200][2,742s] GC(5) Pause Cleanup
[2022-09-28T18:00:19.749+0200][2,742s] GC(5) Pause Cleanup 33M->33M(512M) 0,054ms
[2022-09-28T18:00:19.749+0200][2,742s] GC(5) User=0,00s Sys=0,00s Real=0,00s
[2022-09-28T18:00:19.749+0200][2,742s] GC(5) Concurrent Cleanup for Next Mark
[2022-09-28T18:00:19.749+0200][2,743s] GC(5) Concurrent Cleanup for Next Mark 0,265ms
[2022-09-28T18:00:19.749+0200][2,743s] GC(5) Concurrent Cycle 24,347ms
[2022-09-28T18:00:45.672+0200][28,665s] GC(6) Pause Young (Normal) (G1 Evacuation Pause)
[2022-09-28T18:00:45.672+0200][28,665s] GC(6) Using 8 workers of 8 for evacuation
[2022-09-28T18:00:45.679+0200][28,672s] GC(6)   Pre Evacuate Collection Set: 0,0ms
[2022-09-28T18:00:45.679+0200][28,672s] GC(6)   Evacuate Collection Set: 5,6ms
[2022-09-28T18:00:45.679+0200][28,672s] GC(6)   Post Evacuate Collection Set: 1,4ms
[2022-09-28T18:00:45.679+0200][28,672s] GC(6)   Other: 0,2ms
[2022-09-28T18:00:45.679+0200][28,672s] GC(6) Eden regions: 205->0(252)
[2022-09-28T18:00:45.679+0200][28,672s] GC(6) Survivor regions: 8->15(27)
[2022-09-28T18:00:45.679+0200][28,672s] GC(6) Old regions: 20->20
[2022-09-28T18:00:45.679+0200][28,672s] GC(6) Humongous regions: 4->4
[2022-09-28T18:00:45.679+0200][28,672s] GC(6) Metaspace: 40564K->40564K(1085440K)
[2022-09-28T18:00:45.679+0200][28,672s] GC(6) Pause Young (Normal) (G1 Evacuation Pause) 234M->36M(512M) 7,230ms
[2022-09-28T18:00:45.679+0200][28,672s] GC(6) User=0,03s Sys=0,01s Real=0,00s
[2022-09-28T18:01:33.461+0200][76,454s] Heap
[2022-09-28T18:01:33.461+0200][76,454s]  garbage-first heap   total 524288K, used 76736K [0x00000000e0000000, 0x0000000100000000)
[2022-09-28T18:01:33.461+0200][76,454s]   region size 1024K, 54 young (55296K), 15 survivors (15360K)
[2022-09-28T18:01:33.461+0200][76,454s]  Metaspace       used 41823K, capacity 43191K, committed 43392K, reserved 1087488K
[2022-09-28T18:01:33.461+0200][76,454s]   class space    used 4821K, capacity 5431K, committed 5504K, reserved 1048576K
